<testsuite tests="825">
  <testcase classname="ACCT_AccountMerge_TEST" name="testMergeThreeHHAccountsManyAddr" />
  <testcase classname="ACCT_AccountMerge_TEST" name="testMergeThreeOrgAccountsManyAddr" />
  <testcase classname="ACCT_AccountMerge_TEST" name="testMergeTwoHHAccounts" />
  <testcase classname="ACCT_AccountMerge_TEST" name="testMergeTwoOne2OneAccounts" />
  <testcase classname="ACCT_AccountMerge_TEST" name="testNamesAndOppsMergeHHToHH" />
  <testcase classname="ACCT_AccountMerge_TEST" name="testNamesAndOppsMergeHHToOrg" />
  <testcase classname="ACCT_AccountMerge_TEST" name="testNamesAndOppsMergeOne2OneToOne2One" />
  <testcase classname="ACCT_AccountMerge_TEST" name="testNamesAndOppsMergeOne2OneToOrg" />
  <testcase classname="ACCT_AccountMerge_TEST" name="testNamesAndOppsMergeOrgToHH" />
  <testcase classname="ACCT_AccountMerge_TEST" name="testNamesAndOppsMergeOrgToOne2One" />
  <testcase classname="ACCT_CascadeDeleteLookups_TEST" name="testAccountCascadeGrandchild" />
  <testcase classname="ACCT_CascadeDeleteLookups_TEST" name="testAccountCascadeRelationship" />
  <testcase classname="ACCT_CascadeDeleteLookups_TEST" name="testAccountMergeNoCascade" />
  <testcase classname="ACCT_HHAccounts_TEST" name="DeleteContactsFromHHAccounts" />
  <testcase classname="ACCT_HHAccounts_TEST" name="NewContactsEmptyHHAccounts" />
  <testcase classname="ACCT_HHAccounts_TEST" name="NewContactsNoAccounts" />
  <testcase classname="ACCT_HHAccounts_TEST" name="NewContactsNoAccountsWithHHObj" />
  <testcase classname="ACCT_HHAccounts_TEST" name="NewContactsNonEmptyHHAccounts" />
  <testcase classname="ACCT_HHAccounts_TEST" name="UndeleteContactsFromHHAccounts" />
  <testcase classname="ACCT_HHAccounts_TEST" name="UpdateContactsMergeHHAccounts" />
  <testcase classname="ACCT_HHAccounts_TEST" name="UpdateContactsSplitHHAccounts" />
  <testcase classname="ACCT_HHAccounts_TEST" name="UpdateOneToOneAndBucketContactsToHHAccounts" />
  <testcase classname="ACCT_HHAccounts_TEST" name="addContactCheckAccountPrimaryContact" />
  <testcase classname="ACCT_HHAccounts_TEST" name="addContactCheckNumberHHMembers" />
  <testcase classname="ACCT_HHAccounts_TEST" name="changeContactOwners" />
  <testcase classname="ACCT_HHAccounts_TEST" name="changeContactsCheckOpps" />
  <testcase classname="ACCT_HHAccounts_TEST" name="newHHAccountWithRecordTypeOnly" />
  <testcase classname="ACCT_HHAccounts_TEST" name="updateAccountToHHRecordType" />
  <testcase classname="ACCT_IndividualAccounts_TEST" name="ACCT_IndividualAccounts_TEST" />
  <testcase classname="ACCT_IndividualAccounts_TEST" name="attachToHHAccount" />
  <testcase classname="ACCT_IndividualAccounts_TEST" name="attachToIndividualAccount" />
  <testcase classname="ACCT_IndividualAccounts_TEST" name="changeFromOneToOneToHouseholdAccount" />
  <testcase classname="ACCT_IndividualAccounts_TEST" name="contactAddedToExistingHHAccount" />
  <testcase classname="ACCT_IndividualAccounts_TEST" name="contactAddedToExistingOneToOne" />
  <testcase classname="ACCT_IndividualAccounts_TEST" name="contactInNormalOrgNameChangeHHAccount" />
  <testcase classname="ACCT_IndividualAccounts_TEST" name="contactInNormalOrgNameChangeOneToOne" />
  <testcase classname="ACCT_IndividualAccounts_TEST" name="contactUpdatedToExistingOneToOne" />
  <testcase classname="ACCT_IndividualAccounts_TEST" name="contactUpdatedToExistingOneToOneHH" />
  <testcase classname="ACCT_IndividualAccounts_TEST" name="deleteContactNoOppHHAccount" />
  <testcase classname="ACCT_IndividualAccounts_TEST" name="deleteContactNoOppOneToOne" />
  <testcase classname="ACCT_IndividualAccounts_TEST" name="deleteContactNormalAccountHouseholdAcc" />
  <testcase classname="ACCT_IndividualAccounts_TEST" name="deleteContactNormalAccountOneToOne" />
  <testcase classname="ACCT_IndividualAccounts_TEST" name="deleteContactWithOppHHAccount" />
  <testcase classname="ACCT_IndividualAccounts_TEST" name="deleteContactWithOppOneToOne" />
  <testcase classname="ACCT_IndividualAccounts_TEST" name="detachFromNormalAccountToBucket" />
  <testcase classname="ACCT_IndividualAccounts_TEST" name="detachFromNormalAccountToBucketAccountProcessor" />
  <testcase classname="ACCT_IndividualAccounts_TEST" name="detachFromNormalAccountToOneToOne" />
  <testcase classname="ACCT_IndividualAccounts_TEST" name="detachFromNormalAccountToOneToOneHousehold" />
  <testcase classname="ACCT_IndividualAccounts_TEST" name="detachHHAccount" />
  <testcase classname="ACCT_IndividualAccounts_TEST" name="detachHHAccount2" />
  <testcase classname="ACCT_IndividualAccounts_TEST" name="detachIndividualAccount" />
  <testcase classname="ACCT_IndividualAccounts_TEST" name="detachOneToOne" />
  <testcase classname="ACCT_IndividualAccounts_TEST" name="editContactDuringDetachHHAccount" />
  <testcase classname="ACCT_IndividualAccounts_TEST" name="editContactDuringDetachOneToOne" />
  <testcase classname="ACCT_IndividualAccounts_TEST" name="ghIssue16a" />
  <testcase classname="ACCT_IndividualAccounts_TEST" name="ghIssue16b" />
  <testcase classname="ACCT_IndividualAccounts_TEST" name="insertBucketChangeToPrivate" />
  <testcase classname="ACCT_IndividualAccounts_TEST" name="insertHHAccountChangeToPrivate" />
  <testcase classname="ACCT_IndividualAccounts_TEST" name="insertHHAccountContactTitleForRename" />
  <testcase classname="ACCT_IndividualAccounts_TEST" name="insertHHAccountTriggerOff" />
  <testcase classname="ACCT_IndividualAccounts_TEST" name="insertOneToOneChangeToPrivate" />
  <testcase classname="ACCT_IndividualAccounts_TEST" name="insertOneToOneTriggerOff" />
  <testcase classname="ACCT_IndividualAccounts_TEST" name="insertPrivateBucket" />
  <testcase classname="ACCT_IndividualAccounts_TEST" name="insertPrivateHHAccount" />
  <testcase classname="ACCT_IndividualAccounts_TEST" name="insertPrivateOneToOne" />
  <testcase classname="ACCT_IndividualAccounts_TEST" name="insertUpdateOneToOne" />
  <testcase classname="ACCT_IndividualAccounts_TEST" name="insertUpdateOneToOneHouseholds" />
  <testcase classname="ACCT_IndividualAccounts_TEST" name="undeleteContactToExistingHH" />
  <testcase classname="ACCT_IndividualAccounts_TEST" name="undeleteHHContactNoOpp" />
  <testcase classname="ACCT_IndividualAccounts_TEST" name="undeleteHHContactWithOpp" />
  <testcase classname="ACCT_IndividualAccounts_TEST" name="updateHHAccountRecType" />
  <testcase classname="ACCT_ViewOverride_TEST" name="accountViewOverride" />
  <testcase classname="ACCT_ViewOverride_TEST" name="noAccount" />
  <testcase classname="ADDR_Addresses_TEST" name="clearAddrOverride" />
  <testcase classname="ADDR_Addresses_TEST" name="clearAddrOverrideNewAddr" />
  <testcase classname="ADDR_Addresses_TEST" name="deleteDefaultAddr" />
  <testcase classname="ADDR_Addresses_TEST" name="deleteNonDefaultOverrideAddr" />
  <testcase classname="ADDR_Addresses_TEST" name="insertContactWithAddress" />
  <testcase classname="ADDR_Addresses_TEST" name="insertContactWithAddressOverride" />
  <testcase classname="ADDR_Addresses_TEST" name="insertContactWithAddressRecreateAccount" />
  <testcase classname="ADDR_Addresses_TEST" name="insertNewDefaultAddr" />
  <testcase classname="ADDR_Addresses_TEST" name="insertNewDefaultAddrAndReset" />
  <testcase classname="ADDR_Addresses_TEST" name="insertNewSeasonalAddr" />
  <testcase classname="ADDR_Addresses_TEST" name="insertNewSeasonalAddrNotCurrent" />
  <testcase classname="ADDR_Addresses_TEST" name="newAddrNoAccount" />
  <testcase classname="ADDR_Addresses_TEST" name="newAddrNotHHAccount" />
  <testcase classname="ADDR_Addresses_TEST" name="newDefaultAddr" />
  <testcase classname="ADDR_Addresses_TEST" name="setConAddrNoOverride" />
  <testcase classname="ADDR_Addresses_TEST" name="setConAddrOverride" />
  <testcase classname="ADDR_Addresses_TEST" name="updateAccAddrExisting" />
  <testcase classname="ADDR_Addresses_TEST" name="updateAccAddrNew" />
  <testcase classname="ADDR_Addresses_TEST" name="updateAddrOverride" />
  <testcase classname="ADDR_Addresses_TEST" name="updateConAddrExisting" />
  <testcase classname="ADDR_Addresses_TEST" name="updateConAddrExistingAddrType" />
  <testcase classname="ADDR_Addresses_TEST" name="updateConAddrExistingCaseOnly" />
  <testcase classname="ADDR_Addresses_TEST" name="updateConAddrMarkOverride" />
  <testcase classname="ADDR_Addresses_TEST" name="updateConAddrNew" />
  <testcase classname="ADDR_Addresses_TEST" name="updateDefaultAddr" />
  <testcase classname="ADDR_Addresses_TEST" name="updateNonDefaultAddr" />
  <testcase classname="ADDR_Addresses_TEST2" name="clearConAddrExisting" />
  <testcase classname="ADDR_Addresses_TEST2" name="deleteSeasonalAddr" />
  <testcase classname="ADDR_Addresses_TEST2" name="insertConWithAddrToExistingHH" />
  <testcase classname="ADDR_Addresses_TEST2" name="insertConWithDefaultAddrToExistingHH">
    <failure type="Class.ADDR_Addresses_TEST2.insertConWithDefaultAddrToExistingHH: line 1069, column 1">System.DmlException: Insert failed. First exception on row 0; first error: DUPLICATES_DETECTED, Duplicate Alert: []</failure>
  </testcase>
  <testcase classname="ADDR_Addresses_TEST2" name="insertConWithNoAddrToExistingHH">
    <failure type="Class.ADDR_Addresses_TEST2.insertConWithNoAddrToExistingHH: line 978, column 1">System.DmlException: Insert failed. First exception on row 0; first error: DUPLICATES_DETECTED, Duplicate Alert: []</failure>
  </testcase>
  <testcase classname="ADDR_Addresses_TEST2" name="insertContactWithMultilineStreetAddress" />
  <testcase classname="ADDR_Addresses_TEST2" name="insertNewDefaultMultilineStreetAddr" />
  <testcase classname="ADDR_Addresses_TEST2" name="insertPartialSeasonalAddr" />
  <testcase classname="ADDR_Addresses_TEST2" name="insertSeasonalAddrOverlapExisting" />
  <testcase classname="ADDR_Addresses_TEST2" name="insertSeasonalAddrWithOverlap" />
  <testcase classname="ADDR_Addresses_TEST2" name="newAddrForOrgAccounts" />
  <testcase classname="ADDR_Addresses_TEST2" name="newDupeAccountAddr" />
  <testcase classname="ADDR_Addresses_TEST2" name="newDupeAccountAddrNonDefault" />
  <testcase classname="ADDR_Addresses_TEST2" name="newDupeContactAddr" />
  <testcase classname="ADDR_Addresses_TEST2" name="newDupeContactAddrNonDefault" />
  <testcase classname="ADDR_Addresses_TEST2" name="newOrgAccounts" />
  <testcase classname="ADDR_Addresses_TEST2" name="scheduleSeasonalAddrReset" />
  <testcase classname="ADDR_Addresses_TEST2" name="scheduleSeasonalAddrUpdate" />
  <testcase classname="ADDR_Addresses_TEST2" name="setConAddrOverrideAndLookupOnNewContact" />
  <testcase classname="ADDR_Addresses_TEST2" name="testDisabledHHAccountAddr" />
  <testcase classname="ADDR_Addresses_TEST2" name="testSeasonalAddrOverlapLogic" />
  <testcase classname="ADDR_Addresses_TEST2" name="updateAccMultilineStreetAddr" />
  <testcase classname="ADDR_Addresses_TEST2" name="updateAccMultilineStreetAddrNL" />
  <testcase classname="ADDR_Addresses_TEST2" name="updateConAddrWithExternalOverride" />
  <testcase classname="ADDR_Addresses_TEST2" name="updateConAddrWithOverride" />
  <testcase classname="ADDR_Addresses_TEST2" name="updateHHContactToNewHH" />
  <testcase classname="ADDR_Addresses_TEST2" name="updateOrgAccounts" />
  <testcase classname="ADDR_Addresses_TEST2" name="updateOrgContactToHH" />
  <testcase classname="ADDR_Addresses_TEST2" name="updateSeasonalAddr" />
  <testcase classname="ADDR_Cicero_TEST" name="singleValidAddr" />
  <testcase classname="ADDR_CopyAddrHHObjBTN_TEST" name="TEST_AddressUtility" />
  <testcase classname="ADDR_GoogleGeoAPI_Validator_TEST" name="testAmbiguousAddress" />
  <testcase classname="ADDR_GoogleGeoAPI_Validator_TEST" name="testBadResponse" />
  <testcase classname="ADDR_GoogleGeoAPI_Validator_TEST" name="testInterfaceStrings" />
  <testcase classname="ADDR_GoogleGeoAPI_Validator_TEST" name="testInvalidRequestAddress" />
  <testcase classname="ADDR_GoogleGeoAPI_Validator_TEST" name="testNullAuthToken" />
  <testcase classname="ADDR_GoogleGeoAPI_Validator_TEST" name="testOverQueryLimitAddress" />
  <testcase classname="ADDR_GoogleGeoAPI_Validator_TEST" name="testRequestDeniedAddress" />
  <testcase classname="ADDR_GoogleGeoAPI_Validator_TEST" name="testSingleAddress" />
  <testcase classname="ADDR_GoogleGeoAPI_Validator_TEST" name="testSingleAddressLongZipcode" />
  <testcase classname="ADDR_GoogleGeoAPI_Validator_TEST" name="testSingleAddressSubPremise" />
  <testcase classname="ADDR_GoogleGeoAPI_Validator_TEST" name="testUnknownErrorAddress" />
  <testcase classname="ADDR_GoogleGeoAPI_Validator_TEST" name="testZeroResultsAddress" />
  <testcase classname="ADDR_Validation_Gateway_TEST" name="testBadAuth" />
  <testcase classname="ADDR_Validation_Gateway_TEST" name="testBadInput" />
  <testcase classname="ADDR_Validation_Gateway_TEST" name="testMultiAddress" />
  <testcase classname="ADDR_Validation_Gateway_TEST" name="testNoSubscription" />
  <testcase classname="ADDR_Validation_Gateway_TEST" name="testOneAddress" />
  <testcase classname="ADDR_Validation_Gateway_TEST" name="testServerError" />
  <testcase classname="ADDR_Validation_Gateway_TEST" name="testZip" />
  <testcase classname="ADDR_Validator_Batch_TEST" name="multipleValidAddresses" />
  <testcase classname="ADDR_Validator_Batch_TEST" name="multipleValidAddressessZipcodes" />
  <testcase classname="ADDR_Validator_Batch_TEST" name="multipleValidZipcodes" />
  <testcase classname="ADDR_Validator_Batch_TEST" name="oneValidAddress" />
  <testcase classname="ADDR_Validator_Batch_TEST" name="oneValidZipcode" />
  <testcase classname="ADDR_Validator_Batch_TEST" name="validAddressInvalidZipcode" />
  <testcase classname="ADDR_Validator_TEST" name="test400" />
  <testcase classname="ADDR_Validator_TEST" name="test401" />
  <testcase classname="ADDR_Validator_TEST" name="test402" />
  <testcase classname="ADDR_Validator_TEST" name="test500" />
  <testcase classname="ADDR_Validator_TEST" name="testBlankService" />
  <testcase classname="ADDR_Validator_TEST" name="testContactAddress" />
  <testcase classname="ADDR_Validator_TEST" name="testContactAmbiguousAddress" />
  <testcase classname="ADDR_Validator_TEST" name="testContactCityAndStateOnly" />
  <testcase classname="ADDR_Validator_TEST" name="testContactInvalidAddress" />
  <testcase classname="ADDR_Validator_TEST" name="testContactZipOnly" />
  <testcase classname="ADDR_Validator_TEST" name="testController" />
  <testcase classname="ADDR_Validator_TEST" name="testControllerMissingSetting" />
  <testcase classname="AFFL_Affiliations_TEST" name="contactWithMultipleAffiliations_v2" />
  <testcase classname="AFFL_Affiliations_TEST" name="deletePrimaryAffl" />
  <testcase classname="AFFL_Affiliations_TEST" name="newAccountNewAffl" />
  <testcase classname="AFFL_Affiliations_TEST" name="newContactOnIndividualAccount" />
  <testcase classname="AFFL_Affiliations_TEST" name="newContactOnOrgAccount" />
  <testcase classname="AFFL_Affiliations_TEST" name="newContactOnOrgAccountAutoOff" />
  <testcase classname="AFFL_Affiliations_TEST" name="newContactsWithPrimaryAffiliation" />
  <testcase classname="AFFL_Affiliations_TEST" name="newContactsWithPrimaryAffiliationOnetoOne" />
  <testcase classname="AFFL_Affiliations_TEST" name="newPrimaryAffiliations" />
  <testcase classname="AFFL_Affiliations_TEST" name="newPrimaryAffiliationsFromAffl" />
  <testcase classname="AFFL_Affiliations_TEST" name="undeletePrimaryAfflNewAffl" />
  <testcase classname="AFFL_Affiliations_TEST" name="updateContactsWithPrimaryAffiliation" />
  <testcase classname="AFFL_Affiliations_TEST" name="updateContactsWithPrimaryAffiliationAndAccount" />
  <testcase classname="AFFL_Affiliations_TEST" name="updateContactsWithPrimaryAffiliationClearPrimary" />
  <testcase classname="AFFL_Affiliations_TEST" name="updateContactsWithPrimaryAffiliationToDiffAccount" />
  <testcase classname="ALLO_Allocations_TEST" name="bulkOppInsert" />
  <testcase classname="ALLO_Allocations_TEST" name="campaignAllocations" />
  <testcase classname="ALLO_Allocations_TEST" name="defaultAllocations" />
  <testcase classname="ALLO_Allocations_TEST" name="oppAmountChange" />
  <testcase classname="ALLO_Allocations_TEST" name="recurringDonationsValidation" />
  <testcase classname="ALLO_Allocations_TEST" name="testExcludedOpps" />
  <testcase classname="ALLO_Allocations_TEST" name="testInactiveGAU" />
  <testcase classname="ALLO_Allocations_TEST" name="testMakeDefaultAllocations" />
  <testcase classname="ALLO_Allocations_TEST" name="testOppNullAmount" />
  <testcase classname="ALLO_ManageAllocations_TEST" name="testCam" />
  <testcase classname="ALLO_ManageAllocations_TEST" name="testGetCurrencySymbolCallsUtilCurrency" />
  <testcase classname="ALLO_ManageAllocations_TEST" name="testGetCurrencySymbolReturnsCachedSymbol" />
  <testcase classname="ALLO_ManageAllocations_TEST" name="testOpp" />
  <testcase classname="ALLO_ManageAllocations_TEST" name="testRD" />
  <testcase classname="ALLO_Multicurrency_TEST" name="alloMultiCurrency" />
  <testcase classname="ALLO_Multicurrency_TEST" name="rollupMultiCurrency" />
  <testcase classname="ALLO_Multicurrency_TEST" name="testMakeDefaultAllocations" />
  <testcase classname="ALLO_Rollup_TEST" name="rollupBTN" />
  <testcase classname="ALLO_Rollup_TEST" name="rollupFiscalYear" />
  <testcase classname="BDE_BatchDataEntry_TEST" name="testBatchDataEntry" />
  <testcase classname="BDE_BatchEntry_TEST" name="testBatchDataEntryController" />
  <testcase classname="BDE_BatchEntry_TEST" name="testBatchWithSave" />
  <testcase classname="BDE_BatchEntry_TEST" name="testExistingBatchObjects" />
  <testcase classname="BDE_BatchEntry_TEST" name="testNewObjectLoad" />
  <testcase classname="BDE_BatchEntry_TEST" name="testOtherConfig" />
  <testcase classname="BDI_DataImport_TEST" name="ManyDISameHomeAddresses" />
  <testcase classname="BDI_DataImport_TEST" name="OneDIDuplicateNewContacts" />
  <testcase classname="BDI_DataImport_TEST" name="OneDIExistingContacts1x1" />
  <testcase classname="BDI_DataImport_TEST" name="OneDITwoExistingContacts" />
  <testcase classname="BDI_DataImport_TEST" name="OneDITwoNewAccounts" />
  <testcase classname="BDI_DataImport_TEST" name="OneDITwoNewContacts" />
  <testcase classname="BDI_DataImport_TEST" name="OneDITwoSameAccounts" />
  <testcase classname="BDI_DataImport_TEST" name="TwoDIAffiliations" />
  <testcase classname="BDI_DataImport_TEST" name="TwoDIDuplicateNewContacts" />
  <testcase classname="BDI_DataImport_TEST" name="TwoDIDuplicateNewContactsDifferentOrder" />
  <testcase classname="BDI_DataImport_TEST" name="TwoDIExistingAccounts" />
  <testcase classname="BDI_DataImport_TEST" name="TwoDIExistingAccountsSalesforceId" />
  <testcase classname="BDI_DataImport_TEST" name="TwoDIHomeAddresses" />
  <testcase classname="BDI_DataImport_TEST" name="TwoDIHomeAddressesAddrMgmtOff" />
  <testcase classname="BDI_DataImport_TEST" name="TwoDIMixedAddresses" />
  <testcase classname="BDI_DataImport_TEST" name="TwoDIMixedAddressesAddrMgmtOff" />
  <testcase classname="BDI_DataImport_TEST" name="TwoDINewContactsExistingsHousehold" />
  <testcase classname="BDI_DataImport_TEST" name="TwoDISameAccounts" />
  <testcase classname="BDI_DataImport_TEST" name="TwoDITwoNewContacts" />
  <testcase classname="BDI_DataImport_TEST" name="TwoDITwoNewContactsHouseholdFields" />
  <testcase classname="BDI_DataImport_TEST" name="TwoDIWithAccountDonations" />
  <testcase classname="BDI_DataImport_TEST" name="TwoDIWithCampaignMembers" />
  <testcase classname="BDI_DataImport_TEST" name="TwoDIWithDonationErrors" />
  <testcase classname="BDI_DataImport_TEST" name="TwoDIWithDonations" />
  <testcase classname="BDI_DataImport_TEST" name="TwoDIWithDonationsAndCampaigns" />
  <testcase classname="BDI_DataImport_TEST2" name="ManyDIDuplicateEmailExistingContacts" />
  <testcase classname="BDI_DataImport_TEST2" name="ManyDIDuplicateEmailNewContacts" />
  <testcase classname="BDI_DataImport_TEST2" name="ManyDIDuplicateNewContactManyFields" />
  <testcase classname="BDI_DataImport_TEST2" name="ManyDIDuplicatePhoneNewContacts" />
  <testcase classname="BDI_DataImport_TEST2" name="ManyDIMultiContactMatchRules1" />
  <testcase classname="BDI_DataImport_TEST2" name="ManyDIMultiContactMatchRules2" />
  <testcase classname="BDI_DataImport_TEST2" name="ManyDIMultiContactMatchRules3" />
  <testcase classname="BDI_DataImport_TEST2" name="ManyDIMultiContactMatchRules4" />
  <testcase classname="BDI_DataImport_TEST2" name="ManyDIMultiContactMatchRules5" />
  <testcase classname="BDI_DataImport_TEST2" name="ManyDIMultiContactMatchRules6" />
  <testcase classname="BDI_DataImport_TEST2" name="ManyDIMultiContactMatchRules7" />
  <testcase classname="BDI_DataImport_TEST2" name="ManyDIMultiContactMatchRules8" />
  <testcase classname="BDI_DataImport_TEST2" name="ManyDIMultiContactMatchRules9" />
  <testcase classname="BDI_DataImport_TEST2" name="ManyDIOverlappingEmailExistingContacts" />
  <testcase classname="BDI_DataImport_TEST2" name="ManyDIOverlappingPhoneExistingContacts" />
  <testcase classname="BDI_DataImport_TEST2" name="ManyDISalesforceIdMatchingExistingAndNewContacts" />
  <testcase classname="BDI_DataImport_TEST2" name="ManyDISalesforceIdMatchingExistingContacts" />
  <testcase classname="BDI_DataImport_TEST2" name="ManyDISomeInvalidContactData" />
  <testcase classname="BDI_DataImport_TEST2" name="ManyDITestAccountDataErrorHandling" />
  <testcase classname="BDI_DataImport_TEST2" name="ManyDITestAddressDataErrorHandling" />
  <testcase classname="BDI_DataImport_TEST2" name="ManyDITestCampaignDataErrorHandling" />
  <testcase classname="BDI_DataImport_TEST2" name="ManyDITestContactDataErrorHandling" />
  <testcase classname="BDI_DataImport_TEST2" name="ManyDITestDonationDataErrorHandling" />
  <testcase classname="BDI_DataImport_TEST2" name="ManyDIUniqueIdMatchingExistingAccounts" />
  <testcase classname="BDI_DataImport_TEST2" name="ManyDIUniqueIdMatchingExistingContacts" />
  <testcase classname="BDI_DataImport_TEST2" name="ManyDIUniqueIdMatchingNewAndExistingAccounts" />
  <testcase classname="BDI_DataImport_TEST2" name="ManyDIUniqueIdMatchingNewAndExistingContacts" />
  <testcase classname="BDI_DataImport_TEST2" name="ManyDIUniqueIdNewAccounts" />
  <testcase classname="BDI_DataImport_TEST2" name="ManyDIUniqueIdNewContacts" />
  <testcase classname="BDI_DataImport_TEST2" name="ManyDIUniqueIdNotMatchingExistingContacts" />
  <testcase classname="BDI_DataImport_TEST2" name="OneDISalesforceIdMatchingExistingAndNewContact" />
  <testcase classname="BDI_DataImport_TEST2" name="SingleDISalesforceIdMatchingExistingHousehold" />
  <testcase classname="BDI_DataImport_TEST2" name="TestBDIVisualforcePage" />
  <testcase classname="BDI_DataImport_TEST2" name="TestBDIVisualforcePageValidation" />
  <testcase classname="BDI_DataImport_TEST2" name="TestDeleteAllDIRecordsBtn" />
  <testcase classname="BDI_DataImport_TEST2" name="TestDeleteImportedDIRecordsBtn" />
  <testcase classname="BDI_DataImport_TEST2" name="TwoDIExistingC2PartialMatch" />
  <testcase classname="BDI_DataImport_TEST2" name="TwoDINewC2PartialMatch" />
  <testcase classname="BDI_DataImport_TEST2" name="testFieldLevelSecurity" />
  <testcase classname="BDI_DataImport_TEST2" name="testInvalidAccountModel" />
  <testcase classname="BDI_DataImport_TEST2" name="testInvalidAddressHandling" />
  <testcase classname="BDI_DataImport_TEST2" name="testPreferredEmailAutoSetting" />
  <testcase classname="BDI_DataImport_TEST2" name="testPreferredPhoneAutoSetting" />
  <testcase classname="CAM_CascadeDeleteLookups_TEST" name="testOppCascade" />
  <testcase classname="CONV_Account_Conversion_BATCH_TEST" name="test2ContactAddresses" />
  <testcase classname="CONV_Account_Conversion_BATCH_TEST" name="testAccountConversion1to1" />
  <testcase classname="CONV_Account_Conversion_BATCH_TEST" name="testAccountConversionBucket" />
  <testcase classname="CONV_Account_Conversion_BATCH_TEST" name="testContactDisableAddresses" />
  <testcase classname="CONV_Account_Conversion_BATCH_TEST" name="testSettingPrimaryAffiliation" />
  <testcase classname="CONV_Account_Conversion_BATCH_TEST" name="testSingleContactAddress" />
  <testcase classname="CONV_Account_Conversion_CTRL_TEST" name="testConversionCTRLErrorState" />
  <testcase classname="CONV_Account_Conversion_CTRL_TEST" name="testConversionCtrl" />
  <testcase classname="CON_CascadeDeleteLookups_TEST" name="testContactCascadeRelationshipWithoutOverride">
    <failure type="Class.CON_CascadeDeleteLookups_TEST.testContactCascadeRelationshipWithoutOverride: line 180, column 1">System.DmlException: Delete failed. First exception on row 0 with id 0030F00000041uvQAA; first error: CANNOT_INSERT_UPDATE_ACTIVATE_ENTITY, TDTM_Contact: execution of AfterDelete

caused by: System.DmlException: Delete failed. First exception on row 0 with id a0G0F0000000PaCUAU; first error: ENTITY_IS_DELETED, entity is deleted: []

Class.TDTM_TriggerHandler.processDMLAllOrNothing: line 232, column 1
Class.TDTM_TriggerHandler.processDML: line 211, column 1
Class.TDTM_TriggerHandler.run: line 130, column 1
Trigger.TDTM_Contact: line 34, column 1: []</failure>
  </testcase>
  <testcase classname="CON_CascadeDeleteLookups_TEST" name="testContactCascadeWithoutOverride" />
  <testcase classname="CON_CascadeDeleteLookups_TEST" name="testContactDeleteExceptionWithOverride" />
  <testcase classname="CON_CascadeDeleteLookups_TEST" name="testContactMergeNoCascade" />
  <testcase classname="CON_ChangeAccount_TEST" name="testAddressOverride" />
  <testcase classname="CON_ChangeAccount_TEST" name="testGetsDefaultAddressHHToHH" />
  <testcase classname="CON_ChangeAccount_TEST" name="testGetsDefaultAddressHHToOrg" />
  <testcase classname="CON_ChangeAccount_TEST" name="testGetsDefaultAddressOne2OneToOne2One" />
  <testcase classname="CON_ChangeAccount_TEST" name="testGetsDefaultAddressOne2OneToOrg" />
  <testcase classname="CON_ChangeAccount_TEST" name="testGetsDefaultAddressOrgToHH" />
  <testcase classname="CON_ChangeAccount_TEST" name="testGetsDefaultAddressOrgToOne2One" />
  <testcase classname="CON_ChangeAccount_TEST" name="testNamesAndOppsUpdatedHHToHH" />
  <testcase classname="CON_ChangeAccount_TEST" name="testNamesAndOppsUpdatedHHToOrg" />
  <testcase classname="CON_ChangeAccount_TEST" name="testNamesAndOppsUpdatedOne2OneToOne2One" />
  <testcase classname="CON_ChangeAccount_TEST" name="testNamesAndOppsUpdatedOne2OneToOrg" />
  <testcase classname="CON_ChangeAccount_TEST" name="testNamesAndOppsUpdatedOrgToHH" />
  <testcase classname="CON_ChangeAccount_TEST" name="testNamesAndOppsUpdatedOrgToOne2One" />
  <testcase classname="CON_ContactMergeTDTM_TEST" name="mergeContactsDifferentHHAccount" />
  <testcase classname="CON_ContactMergeTDTM_TEST" name="mergeContactsDifferentHHAccountAddressOverride" />
  <testcase classname="CON_ContactMergeTDTM_TEST" name="mergeContactsDifferentHHAccountManyAffl" />
  <testcase classname="CON_ContactMergeTDTM_TEST" name="mergeContactsSameHHAccount" />
  <testcase classname="CON_ContactMergeTDTM_TEST2" name="mergeContactsDifferentHHAccountManyRel" />
  <testcase classname="CON_ContactMergeTDTM_TEST2" name="testNamesAndOppsMergeHHToHH" />
  <testcase classname="CON_ContactMergeTDTM_TEST2" name="testNamesAndOppsMergeHHToOrg" />
  <testcase classname="CON_ContactMergeTDTM_TEST2" name="testNamesAndOppsMergeOne2OneToOne2One" />
  <testcase classname="CON_ContactMergeTDTM_TEST2" name="testNamesAndOppsMergeOne2OneToOrg" />
  <testcase classname="CON_ContactMergeTDTM_TEST2" name="testNamesAndOppsMergeOrgToHH" />
  <testcase classname="CON_ContactMergeTDTM_TEST2" name="testNamesAndOppsMergeOrgToOne2One" />
  <testcase classname="CON_ContactMergeTDTM_TEST2" name="testNamesAndOppsMergeOrgToOrg" />
  <testcase classname="CON_ContactMerge_TEST" name="exerciseUIHHAccount" />
  <testcase classname="CON_ContactMerge_TEST" name="exerciseUIOne2One" />
  <testcase classname="CON_ContactMerge_TEST" name="failMergeWithDeletedRecordSelectedHHAccount" />
  <testcase classname="CON_ContactMerge_TEST" name="failMergeWithDeletedRecordSelectedOne2One" />
  <testcase classname="CON_ContactMerge_TEST" name="failNextStepWithDeletedRecordSelectedHHAccount" />
  <testcase classname="CON_ContactMerge_TEST" name="failNextStepWithDeletedRecordSelectedOne2One" />
  <testcase classname="CON_ContactMerge_TEST" name="merge1Org1OneToOneHHAccount" />
  <testcase classname="CON_ContactMerge_TEST" name="merge1Org1OneToOneOne2One" />
  <testcase classname="CON_ContactMerge_TEST" name="merge2IndividualsHHAccount" />
  <testcase classname="CON_ContactMerge_TEST" name="merge2IndividualsOne2One" />
  <testcase classname="CON_ContactMerge_TEST" name="merge2OneToOneHHAccount" />
  <testcase classname="CON_ContactMerge_TEST" name="merge2OneToOneOne2One" />
  <testcase classname="CON_ContactMerge_TEST" name="merge2OneToOneOppsHHAccount" />
  <testcase classname="CON_ContactMerge_TEST" name="merge2OneToOneOppsOne2One" />
  <testcase classname="CON_ContactMerge_TEST" name="merge2OrganizationsHHAccount" />
  <testcase classname="CON_ContactMerge_TEST" name="merge2OrganizationsOne2One" />
  <testcase classname="CON_ContactMerge_TEST" name="merge2PrivateContactsHHAccount" />
  <testcase classname="CON_ContactMerge_TEST" name="merge2PrivateContactsOne2One" />
  <testcase classname="CON_ContactMerge_TEST" name="tooFewContactsSelectedHHAccount" />
  <testcase classname="CON_ContactMerge_TEST" name="tooFewContactsSelectedOne2One" />
  <testcase classname="CON_ContactMerge_TEST" name="tooManyContactsSelectedHHAccount" />
  <testcase classname="CON_ContactMerge_TEST" name="tooManyContactsSelectedOne2One" />
  <testcase classname="CON_ContactMerge_TEST2" name="ghIssue6HHAccount" />
  <testcase classname="CON_ContactMerge_TEST2" name="ghIssue6One2One" />
  <testcase classname="CON_ContactMerge_TEST2" name="householdDifferentFromMaster" />
  <testcase classname="CON_ContactMerge_TEST2" name="merge2OneToOneInSameAccountHHAccount" />
  <testcase classname="CON_ContactMerge_TEST2" name="merge2OneToOneInSameAccountOne2One" />
  <testcase classname="CON_ContactMerge_TEST2" name="merge3OneToOneHHAccount" />
  <testcase classname="CON_ContactMerge_TEST2" name="merge3OneToOneOne2One" />
  <testcase classname="CON_ContactMerge_TEST2" name="personAccountErrorDetection" />
  <testcase classname="CON_ContactMerge_TEST2" name="testBadIdsPassed" />
  <testcase classname="CON_ContactMerge_TEST2" name="testGoodIdsPassed" />
  <testcase classname="CON_ContactMerge_TEST2" name="testNamesAndOppsMergeBucketToHH" />
  <testcase classname="CON_ContactMerge_TEST2" name="testNamesAndOppsMergeBucketToOne2One" />
  <testcase classname="CON_ContactMerge_TEST2" name="testNamesAndOppsMergeHHToBucket" />
  <testcase classname="CON_ContactMerge_TEST2" name="testNamesAndOppsMergeHHToHH" />
  <testcase classname="CON_ContactMerge_TEST2" name="testNamesAndOppsMergeHHToOne2One" />
  <testcase classname="CON_ContactMerge_TEST2" name="testNamesAndOppsMergeHHToOrg" />
  <testcase classname="CON_ContactMerge_TEST2" name="testNamesAndOppsMergeOne2OneToBucket" />
  <testcase classname="CON_ContactMerge_TEST2" name="testNamesAndOppsMergeOne2OneToHH" />
  <testcase classname="CON_ContactMerge_TEST2" name="testNamesAndOppsMergeOne2OneToOne2One" />
  <testcase classname="CON_ContactMerge_TEST2" name="testNamesAndOppsMergeOne2OneToOrg" />
  <testcase classname="CON_ContactMerge_TEST2" name="testNamesAndOppsMergeOrgToHH" />
  <testcase classname="CON_ContactMerge_TEST2" name="testNamesAndOppsMergeOrgToOne2One" />
  <testcase classname="CON_ContactMerge_TEST2" name="testNamesAndOppsMergeOrgToOrg" />
  <testcase classname="CON_ContactMerge_TEST2" name="testSearchSpecPassed" />
  <testcase classname="CON_ContactMerge_TEST2" name="testStandardSetSelected" />
  <testcase classname="CON_DeleteContactOverride_TEST" name="deleteAloneInHousehold" />
  <testcase classname="CON_DeleteContactOverride_TEST" name="deleteOneToOne" />
  <testcase classname="CON_DeleteContactOverride_TEST" name="deleteWithOtherMembers" />
  <testcase classname="CON_DoNotContact_TEST" name="testDeceasedAlone" />
  <testcase classname="CON_DoNotContact_TEST" name="testDeceasedInHousehold" />
  <testcase classname="CON_DoNotContact_TEST" name="testDoNotContact" />
  <testcase classname="EP_EngagementPlanTaskValidation_TEST" name="testCrossTemplateEPDependentTask" />
  <testcase classname="EP_EngagementPlanTaskValidation_TEST" name="testMultipleEPDependentTask" />
  <testcase classname="EP_EngagementPlanTaskValidation_TEST" name="testRedundantEPDependentTask" />
  <testcase classname="EP_EngagementPlanTaskValidation_TEST" name="testSingleEPDependentTask" />
  <testcase classname="EP_EngagementPlanTaskValidation_TEST" name="testUpdateCrossTemplateEPDependentTask" />
  <testcase classname="EP_EngagementPlanTaskValidation_TEST" name="testUpdateTemplateWithEPDependentTask" />
  <testcase classname="EP_EngagementPlans_TEST" name="testDependentPlan" />
  <testcase classname="EP_EngagementPlans_TEST" name="testPlanUpdate" />
  <testcase classname="EP_EngagementPlans_TEST" name="testPlanWithTwoLookups" />
  <testcase classname="EP_EngagementPlans_TEST" name="testPlanWithoutLookup" />
  <testcase classname="EP_EngagementPlans_TEST" name="testSkipWeekendsFriday" />
  <testcase classname="EP_EngagementPlans_TEST" name="testSkipWeekendsMonday" />
  <testcase classname="EP_EngagementPlans_TEST" name="testTaskAssignment" />
  <testcase classname="EP_EngagementPlans_TEST" name="test_getsobjectparentpath" />
  <testcase classname="EP_ManageEPTemplate_CTRL_TEST" name="testClone" />
  <testcase classname="EP_ManageEPTemplate_CTRL_TEST" name="testDependentPlan" />
  <testcase classname="EP_TaskDependency_TEST" name="testDelayType" />
  <testcase classname="EP_TaskDependency_TEST" name="testDeleteDependentTask" />
  <testcase classname="EP_TaskDependency_TEST" name="testDeletedPlan" />
  <testcase classname="EP_TaskDependency_TEST" name="testDependentPlan" />
  <testcase classname="EP_TaskRollup_TEST" name="testDeleteCompletedEPTask" />
  <testcase classname="EP_TaskRollup_TEST" name="testMultipleEPTasks" />
  <testcase classname="EP_TaskRollup_TEST" name="testMultipleEPTasksAndPlans" />
  <testcase classname="EP_TaskRollup_TEST" name="testMultipleTasks" />
  <testcase classname="EP_TaskRollup_TEST" name="testSingleEPTask" />
  <testcase classname="EP_TaskRollup_TEST" name="testSingleTask" />
  <testcase classname="EP_TaskRollup_TEST" name="testUnrelateEPTask" />
  <testcase classname="EP_TaskRollup_TEST" name="testUpdateMultipleEPTask" />
  <testcase classname="ERR_AddError_TEST" name="databaseDml" />
  <testcase classname="ERR_AsyncErrors_TEST" name="testInsertsErrors" />
  <testcase classname="ERR_AsyncErrors_TEST" name="testQueriesForErrorsInCurrentNamespace" />
  <testcase classname="ERR_AsyncErrors_TEST" name="testQueryForErrorsInLastDayIfNotPreviouslyRun" />
  <testcase classname="ERR_AsyncErrors_TEST" name="testQueryForErrorsSinceLastRun" />
  <testcase classname="ERR_AsyncErrors_TEST" name="testSendsNotifications" />
  <testcase classname="ERR_AsyncErrors_TEST" name="testUpdatesLastRunSetting" />
  <testcase classname="ERR_ExceptionHandler_TEST" name="testHandleException" />
  <testcase classname="ERR_ExceptionHandler_TEST" name="testUnhandledExceptionIsUnmodified" />
  <testcase classname="ERR_Handler_TEST" name="controllerWithManualRollback" />
  <testcase classname="ERR_Handler_TEST" name="errorStoredInDatabaseFromInsert" />
  <testcase classname="ERR_Handler_TEST" name="errorsStoredInDbTdtmCustomConfigEmailErrors" />
  <testcase classname="ERR_Handler_TEST" name="errorsStoredInDbTdtmCustomConfigPostToChatter" />
  <testcase classname="ERR_Handler_TEST" name="testInactiveUserEmailBehavior" />
  <testcase classname="HH_CampaignDedupeBTN_TEST" name="testCampaignHHReport" />
  <testcase classname="HH_Container_TEST" name="testAddContactAddresses" />
  <testcase classname="HH_Container_TEST" name="testAutoCompleteDataProvider" />
  <testcase classname="HH_Container_TEST" name="testGetAddresses" />
  <testcase classname="HH_Container_TEST" name="testGetHHGetContacts" />
  <testcase classname="HH_Container_TEST" name="testGetHHNamesGreetings" />
  <testcase classname="HH_Container_TEST" name="testGetSalutations" />
  <testcase classname="HH_Container_TEST" name="testMergeHouseholds" />
  <testcase classname="HH_Container_TEST" name="testPackageLabels" />
  <testcase classname="HH_Container_TEST" name="testUpdateHousehold" />
  <testcase classname="HH_Container_TEST" name="testUpsertContacts" />
  <testcase classname="HH_HouseholdNaming_TEST" name="HouseholdNamingTest" />
  <testcase classname="HH_HouseholdNaming_TEST" name="HouseholdNamingUpdateTest" />
  <testcase classname="HH_HouseholdNaming_TEST" name="testBatch" />
  <testcase classname="HH_HouseholdNaming_TEST" name="testCaseChanges" />
  <testcase classname="HH_HouseholdNaming_TEST" name="testNamingOrder" />
  <testcase classname="HH_HouseholdNaming_TEST" name="testNamingOrder2" />
  <testcase classname="HH_Households_TEST" name="Households_Test" />
  <testcase classname="HH_Households_TEST" name="contactDeleteWithOwnHousehold" />
  <testcase classname="HH_Households_TEST" name="contactDeleteWithSharedHousehold" />
  <testcase classname="HH_Households_TEST" name="deleteEmptyHouseholds_test" />
  <testcase classname="HH_Households_TEST" name="newIndContactAllContactsProcessor" />
  <testcase classname="HH_Households_TEST" name="newIndContactIndividualsProcessor" />
  <testcase classname="HH_Households_TEST" name="newNoHouseholdProcessor" />
  <testcase classname="HH_Households_TEST" name="newOrgContactAllContactsProcessor" />
  <testcase classname="HH_Households_TEST" name="newOrgContactIndividualsProcessor" />
  <testcase classname="HH_Households_TEST" name="newPrivateContactAllContactsProcessor" />
  <testcase classname="HH_Households_TEST" name="testBulk" />
  <testcase classname="HH_Households_TEST" name="testCaseChanges" />
  <testcase classname="HH_Households_TEST" name="testHouseholdExclusion" />
  <testcase classname="HH_Households_TEST" name="testMergeRollupSupport" />
  <testcase classname="HH_Households_TEST" name="testNewAndUpdateContactWithHHNaming" />
  <testcase classname="HH_ManageHH_TEST" name="testExistingHHAccount" />
  <testcase classname="HH_ManageHH_TEST" name="testExistingHHObject" />
  <testcase classname="HH_ManageHH_TEST" name="testNewHHObject" />
  <testcase classname="HH_NameSpec_TEST" name="OneAnonymousContact" />
  <testcase classname="HH_NameSpec_TEST" name="OneContact" />
  <testcase classname="HH_NameSpec_TEST" name="OneContactXReferences" />
  <testcase classname="HH_NameSpec_TEST" name="SixContactsOneLastnamesContactOverrun" />
  <testcase classname="HH_NameSpec_TEST" name="SixContactsTwoLastnamesContactOverrun" />
  <testcase classname="HH_NameSpec_TEST" name="ThreeContactsTwoLastnames" />
  <testcase classname="HH_NameSpec_TEST" name="ThreeContactsTwoLastnamesCustomFields" />
  <testcase classname="HH_NameSpec_TEST" name="TwoContactDifferentLastname" />
  <testcase classname="HH_NameSpec_TEST" name="TwoContactSameLastname" />
  <testcase classname="HH_NameSpec_TEST" name="TwoContactSameLastnameAccountReference" />
  <testcase classname="HH_NameSpec_TEST" name="testRefreshAllHHNaming" />
  <testcase classname="HH_NameSpec_TEST" name="testRefreshAllHHNamingManyHH" />
  <testcase classname="HH_NameSpec_TEST" name="testRefreshAllHHNamingWithCustom" />
  <testcase classname="HH_OppContactRoles_TEST" name="ghIssue25" />
  <testcase classname="HH_OppContactRoles_TEST" name="opportunityDeceasedPrimaryAccount" />
  <testcase classname="HH_OppContactRoles_TEST" name="opportunityRegularAccountHHAccount" />
  <testcase classname="HH_OppContactRoles_TEST" name="opportunityRegularAccountOne2One" />
  <testcase classname="HH_OppContactRoles_TEST" name="opportunityWithHouseholdBucket" />
  <testcase classname="HH_OppContactRoles_TEST" name="opportunityWithHouseholdHHAccount" />
  <testcase classname="HH_OppContactRoles_TEST" name="opportunityWithHouseholdNoRolesBucket" />
  <testcase classname="HH_OppContactRoles_TEST" name="opportunityWithHouseholdNoRolesHHAccount" />
  <testcase classname="HH_OppContactRoles_TEST" name="opportunityWithHouseholdNoRolesOne2One" />
  <testcase classname="HH_OppContactRoles_TEST" name="opportunityWithHouseholdOne2One" />
  <testcase classname="HH_OppContactRoles_TEST" name="opportunityWithNoHouseholdHHAccount" />
  <testcase classname="HH_OppContactRoles_TEST" name="opportunityWithNoHouseholdOne2One" />
  <testcase classname="HH_OppContactRoles_TEST" name="testOppsAcctChangeHHToHH" />
  <testcase classname="HH_OppContactRoles_TEST" name="testOppsAcctChangeHHToOrg" />
  <testcase classname="HH_OppContactRoles_TEST" name="testOppsAcctChangeOne2OneToOne2One" />
  <testcase classname="HH_OppContactRoles_TEST" name="testOppsAcctChangeOne2OneToOrg" />
  <testcase classname="HH_OppContactRoles_TEST" name="testOppsAcctChangeOrgToHH" />
  <testcase classname="HH_OppContactRoles_TEST" name="testOppsAcctChangeOrgToOne2One" />
  <testcase classname="HH_OppContactRoles_TEST" name="updateOppHHAccountRefreshNone" />
  <testcase classname="HH_OppContactRoles_TEST" name="updateOppHHAccountRefreshOpen" />
  <testcase classname="HH_OppContactRoles_TEST" name="updateOppHHAccountRefreshOpenAndClosed" />
  <testcase classname="LD_LeadConvertOverride_TEST" name="convertCompanyLead_Test" />
  <testcase classname="LD_LeadConvertOverride_TEST" name="mergeLeadConversion_TestBucketAccountOppOCR" />
  <testcase classname="LD_LeadConvertOverride_TEST" name="mergeLeadConversion_TestHHAccountOppOCR" />
  <testcase classname="LD_LeadConvertOverride_TEST" name="mergeLeadConversion_TestOne2OneOppOCR" />
  <testcase classname="LD_LeadConvertOverride_TEST" name="newLeadConversionExistingNamedCompanyAffl_TestBucketAccount" />
  <testcase classname="LD_LeadConvertOverride_TEST" name="newLeadConversionExistingNamedCompanyAffl_TestHHAccount" />
  <testcase classname="LD_LeadConvertOverride_TEST" name="newLeadConversionExistingNamedCompanyAffl_TestOne2One" />
  <testcase classname="LD_LeadConvertOverride_TEST" name="newLeadConversionExistingNamedCompany_TestBucketAccount" />
  <testcase classname="LD_LeadConvertOverride_TEST" name="newLeadConversionExistingNamedCompany_TestHHAccount" />
  <testcase classname="LD_LeadConvertOverride_TEST" name="newLeadConversionExistingNamedCompany_TestOne2One" />
  <testcase classname="LD_LeadConvertOverride_TEST" name="newLeadConversionHHObjBucket" />
  <testcase classname="LD_LeadConvertOverride_TEST" name="newLeadConversionHHObjOne2One" />
  <testcase classname="LD_LeadConvertOverride_TEST" name="newLeadConversionMerge_TestBucketAccount" />
  <testcase classname="LD_LeadConvertOverride_TEST" name="newLeadConversionMerge_TestHHAccount" />
  <testcase classname="LD_LeadConvertOverride_TEST" name="newLeadConversionMerge_TestOne2One" />
  <testcase classname="LD_LeadConvertOverride_TEST" name="newLeadConversionNewNamedCompany_TestBucketAccount" />
  <testcase classname="LD_LeadConvertOverride_TEST" name="newLeadConversionNewNamedCompany_TestHHAccount" />
  <testcase classname="LD_LeadConvertOverride_TEST" name="newLeadConversionNewNamedCompany_TestOne2One" />
  <testcase classname="LD_LeadConvertOverride_TEST" name="newLeadConversion_TestBucketAccount" />
  <testcase classname="LD_LeadConvertOverride_TEST" name="newLeadConversion_TestBucketAccountOppAFF" />
  <testcase classname="LD_LeadConvertOverride_TEST" name="newLeadConversion_TestBucketAccountOppOCR" />
  <testcase classname="LD_LeadConvertOverride_TEST" name="newLeadConversion_TestHHAccount" />
  <testcase classname="LD_LeadConvertOverride_TEST" name="newLeadConversion_TestHHAccountOppAFF" />
  <testcase classname="LD_LeadConvertOverride_TEST" name="newLeadConversion_TestHHAccountOppOCR" />
  <testcase classname="LD_LeadConvertOverride_TEST" name="newLeadConversion_TestOne2One" />
  <testcase classname="LD_LeadConvertOverride_TEST" name="newLeadConversion_TestOne2OneOppAFF" />
  <testcase classname="LD_LeadConvertOverride_TEST" name="newLeadConversion_TestOne2OneOppOCR" />
  <testcase classname="LD_LeadConvertOverride_TEST" name="newNativeLeadConversion_TestBucketAccount" />
  <testcase classname="LD_LeadConvertOverride_TEST" name="newNativeLeadConversion_TestHHAccount" />
  <testcase classname="LD_LeadConvertOverride_TEST" name="newNativeLeadConversion_TestOne2One" />
  <testcase classname="LVL_LevelAssignBATCH_TEST" name="testAccountLevels" />
  <testcase classname="LVL_LevelAssignBATCH_TEST" name="testContactLevels" />
  <testcase classname="LVL_LevelAssignBATCH_TEST" name="testContactLevelsChange" />
  <testcase classname="LVL_LevelAssignBATCH_TEST" name="testLevelAssignScheduling" />
  <testcase classname="LVL_LevelAssignBATCH_TEST" name="testLevelValidationExistingMax" />
  <testcase classname="LVL_LevelAssignBATCH_TEST" name="testLevelValidationExistingMin" />
  <testcase classname="LVL_LevelAssignBATCH_TEST" name="testLevelValidationExistingNames" />
  <testcase classname="LVL_LevelAssignBATCH_TEST" name="testLevelValidationMinMaxMustExist" />
  <testcase classname="LVL_LevelAssignBATCH_TEST" name="testLevelValidationMinMaxOverlap" />
  <testcase classname="LVL_LevelAssignBATCH_TEST" name="testLevelValidationNewMax" />
  <testcase classname="LVL_LevelAssignBATCH_TEST" name="testLevelValidationNewMin" />
  <testcase classname="LVL_LevelAssignBATCH_TEST" name="testLevelValidationNewNames" />
  <testcase classname="LVL_LevelEdit_TEST" name="testCloneLevel" />
  <testcase classname="LVL_LevelEdit_TEST" name="testNewLevel" />
  <testcase classname="LVL_LevelEdit_TEST" name="testSaveAndNewLevel" />
  <testcase classname="LVL_LevelEdit_TEST" name="testTargetFieldChange" />
  <testcase classname="MTCH_FindGifts_TEST" name="testCreateMatches" />
  <testcase classname="MTCH_FindGifts_TEST" name="testCreateMatchesPercent" />
  <testcase classname="MTCH_FindGifts_TEST" name="testCreateSearchedMatches" />
  <testcase classname="MTCH_FindGifts_TEST" name="testUnmatchMatches" />
  <testcase classname="MTCH_Opportunity_TEST" name="testCreateMatches" />
  <testcase classname="OPP_CampaignMember_TEST" name="batchCreateMixedMembers" />
  <testcase classname="OPP_CampaignMember_TEST" name="createMemberNonResponded" />
  <testcase classname="OPP_CampaignMember_TEST" name="createMemberResponded" />
  <testcase classname="OPP_CampaignMember_TEST" name="featureOff" />
  <testcase classname="OPP_CampaignMember_TEST" name="newMemberCreateStatus" />
  <testcase classname="OPP_CampaignMember_TEST" name="omitCampaignMember" />
  <testcase classname="OPP_CampaignMember_TEST" name="settingUsesExistingStatus" />
  <testcase classname="OPP_CampaignMember_TEST" name="updateMemberCreateStatus" />
  <testcase classname="OPP_CampaignMember_TEST" name="updateStatus" />
  <testcase classname="OPP_CascadeDeleteLookups_TEST" name="testOppCascade" />
  <testcase classname="OPP_MatchingDonationsBTN_TEST" name="TestMatchingDonationPage" />
  <testcase classname="OPP_OpportunityContactRoles_TEST" name="avoidDuplicateCRs" />
  <testcase classname="OPP_OpportunityContactRoles_TEST" name="createOrUpdateCR" />
  <testcase classname="OPP_OpportunityContactRoles_TEST" name="honoreeNotificationBlankSettings" />
  <testcase classname="OPP_OpportunityContactRoles_TEST" name="honoreeNotificationInsert" />
  <testcase classname="OPP_OpportunityContactRoles_TEST" name="honoreeNotificationUpdate" />
  <testcase classname="OPP_OpportunityContactRoles_TEST" name="oppCRTriggerTurnedOff" />
  <testcase classname="OPP_OpportunityContactRoles_TEST" name="oppRolesForBadId" />
  <testcase classname="OPP_OpportunityContactRoles_TEST" name="oppRolesForIndividualAccount" />
  <testcase classname="OPP_OpportunityContactRoles_TEST" name="oppRolesForIndividualContact" />
  <testcase classname="OPP_OpportunityContactRoles_TEST" name="oppRolesForOneToOneAccount" />
  <testcase classname="OPP_OpportunityContactRoles_TEST" name="oppRolesForOneToOneContact" />
  <testcase classname="OPP_OpportunityNaming_TEST" name="testBulk" />
  <testcase classname="OPP_OpportunityNaming_TEST" name="testButton" />
  <testcase classname="OPP_OpportunityNaming_TEST" name="testException" />
  <testcase classname="OPP_OpportunityNaming_TEST" name="testMissingData" />
  <testcase classname="OPP_PrimaryContact_TEST" name="testBatch" />
  <testcase classname="OPP_PrimaryContact_TEST" name="testBulkInsert" />
  <testcase classname="OPP_PrimaryContact_TEST" name="testCreateUpdateOCR" />
  <testcase classname="OPP_PrimaryContact_TEST" name="testExistingConRoles" />
  <testcase classname="OPP_SendAcknowledgmentBTN_TEST" name="testBtnCTRL" />
  <testcase classname="PMT_PaymentCreator_TEST" name="CloseLostOppWithMixOfPayments" />
  <testcase classname="PMT_PaymentCreator_TEST" name="createOppWithRecordTypeExcluded" />
  <testcase classname="PMT_PaymentCreator_TEST" name="createOppWithTypeExcluded" />
  <testcase classname="PMT_PaymentCreator_TEST" name="createOppWithTypeNotExcluded" />
  <testcase classname="PMT_PaymentCreator_TEST" name="nullAmount" />
  <testcase classname="PMT_PaymentCreator_TEST" name="testBatchPaymentCreation" />
  <testcase classname="PMT_PaymentCreator_TEST" name="testOpportunityWillAutoCloseIfAmountUpdatedToMatchPayments" />
  <testcase classname="PMT_PaymentCreator_TEST" name="testOpportunityWillAutoClosefterAllPaymentsReceived" />
  <testcase classname="PMT_PaymentCreator_TEST" name="testOpportunityWillNotAutoCloseClosesIfAmountSetToZero" />
  <testcase classname="PMT_PaymentCreator_TEST" name="testOpportunityWillNotAutoCloseIfAllPaymentsWrittenOff" />
  <testcase classname="PMT_PaymentCreator_TEST" name="testOpportunityWillNotAutoCloseIfAlreadyClosed" />
  <testcase classname="PMT_PaymentCreator_TEST" name="testOpportunityWillNotAutoCloseIfNoStageNameSet" />
  <testcase classname="PMT_PaymentCreator_TEST" name="testOpportunityWillNotAutoCloseIfNotAllPaymentsReceived" />
  <testcase classname="PMT_PaymentWizard_TEST" name="closedWonStage" />
  <testcase classname="PMT_PaymentWizard_TEST" name="test_PageElementsMonthly" />
  <testcase classname="PMT_PaymentWizard_TEST" name="test_PageElementsWeekly" />
  <testcase classname="PMT_PaymentWizard_TEST" name="test_PageElementsYearly" />
  <testcase classname="PMT_PaymentWizard_TEST" name="test_PaymentMappingsApplied" />
  <testcase classname="PMT_PaymentWizard_TEST" name="test_RemovePaidPayments" />
  <testcase classname="PMT_PaymentWizard_TEST" name="test_nullOpps" />
  <testcase classname="PMT_PaymentWizard_TEST" name="test_paymentsEnabled_WriteOff" />
  <testcase classname="PMT_PaymentWizard_TEST" name="test_publicGetters" />
  <testcase classname="PSC_ManageSoftCredits_TEST" name="createNewPSCs" />
  <testcase classname="PSC_ManageSoftCredits_TEST" name="createNewPSCsByPercent" />
  <testcase classname="PSC_ManageSoftCredits_TEST" name="createNewPSCsToExistingPSCs" />
  <testcase classname="PSC_ManageSoftCredits_TEST" name="deleteExistingPSCs" />
  <testcase classname="PSC_ManageSoftCredits_TEST" name="deleteExistingPSCsByClearContactId" />
  <testcase classname="PSC_ManageSoftCredits_TEST" name="loadInvalidPSCs" />
  <testcase classname="PSC_ManageSoftCredits_TEST" name="loadSoftCreditOCRs" />
  <testcase classname="PSC_ManageSoftCredits_TEST" name="makeExistingPSCsFullCredits" />
  <testcase classname="PSC_ManageSoftCredits_TEST" name="makeNewPSCsFullCredits" />
  <testcase classname="PSC_ManageSoftCredits_TEST" name="testErrors" />
  <testcase classname="PSC_ManageSoftCredits_TEST" name="testNoSoftCreditRoles" />
  <testcase classname="PSC_ManageSoftCredits_TEST" name="updateExistingPSCs" />
  <testcase classname="PSC_PartialSoftCredit_TEST" name="createDupePSCsNewOCRs" />
  <testcase classname="PSC_PartialSoftCredit_TEST" name="createPSCsExistingOCRs" />
  <testcase classname="PSC_PartialSoftCredit_TEST" name="createPSCsNewOCRs" />
  <testcase classname="PSC_PartialSoftCredit_TEST" name="createPSCsSomeExistingOCRs" />
  <testcase classname="PSC_PartialSoftCredit_TEST" name="updatePSCsInvalidFields" />
  <testcase classname="PSC_PartialSoftCredit_TEST" name="updatePSCsRoleName" />
  <testcase classname="RD_BulkTests_TEST" name="bulkInsertOpportunities" />
  <testcase classname="RD_CascadeDeleteLookups_TEST" name="testRDCascade" />
  <testcase classname="RD_CascadeDeleteLookups_TEST" name="testRDDeleteException" />
  <testcase classname="RD_RecurringDonations_TEST" name="closeOppForOpenEndedRecurringDonationCustomDays" />
  <testcase classname="RD_RecurringDonations_TEST" name="closeOppForOpenEndedRecurringDonationCustomMonths" />
  <testcase classname="RD_RecurringDonations_TEST" name="closeOppForOpenEndedRecurringDonationCustomWeeks" />
  <testcase classname="RD_RecurringDonations_TEST" name="closeOppForOpenEndedRecurringDonationCustomYears" />
  <testcase classname="RD_RecurringDonations_TEST" name="closeOppForOpenEndedRecurringDonationMonthly" />
  <testcase classname="RD_RecurringDonations_TEST" name="closeOppForOpenEndedRecurringDonationQuarterly" />
  <testcase classname="RD_RecurringDonations_TEST" name="closeOppForOpenEndedRecurringDonationWeekly" />
  <testcase classname="RD_RecurringDonations_TEST" name="contactRolesOnOppsBucket" />
  <testcase classname="RD_RecurringDonations_TEST" name="contactRolesOnOppsHHAccount" />
  <testcase classname="RD_RecurringDonations_TEST" name="contactRolesOnOppsOne2One" />
  <testcase classname="RD_RecurringDonations_TEST" name="deleteRecurringDonation" />
  <testcase classname="RD_RecurringDonations_TEST" name="insertCampaignOpportunities" />
  <testcase classname="RD_RecurringDonations_TEST" name="insertOpenEndedRecurringDonations" />
  <testcase classname="RD_RecurringDonations_TEST" name="insertOpportunities" />
  <testcase classname="RD_RecurringDonations_TEST" name="insertQuarterlyOpportunities" />
  <testcase classname="RD_RecurringDonations_TEST" name="insertWeeklyOpportunities" />
  <testcase classname="RD_RecurringDonations_TEST" name="testSettingsCreation" />
  <testcase classname="RD_RecurringDonations_TEST" name="updateOpenEndedRecurringDonation1an15" />
  <testcase classname="RD_RecurringDonations_TEST" name="updateOpenEndedRecurringDonationMonthly" />
  <testcase classname="RD_RecurringDonations_TEST" name="updateOpenEndedRecurringDonationQuarterly" />
  <testcase classname="RD_RecurringDonations_TEST" name="updateOpenEndedRecurringDonationWeekly" />
  <testcase classname="RD_RecurringDonations_TEST" name="updateOpenEndedRecurringDonationYearly" />
  <testcase classname="RD_RecurringDonations_TEST2" name="batchStatusBarTest" />
  <testcase classname="RD_RecurringDonations_TEST2" name="closeOpenEndedRecurringDonationMarkOppsClosedLost" />
  <testcase classname="RD_RecurringDonations_TEST2" name="closeOppForOpenEndedRecurringDonationBadRecurrance" />
  <testcase classname="RD_RecurringDonations_TEST2" name="closeOppForOpenEndedRecurringDonationYearly" />
  <testcase classname="RD_RecurringDonations_TEST2" name="closeRecurringDonationDeleteOpps" />
  <testcase classname="RD_RecurringDonations_TEST2" name="insertClosedOppForOpenEndedRecurringDonation" />
  <testcase classname="RD_RecurringDonations_TEST2" name="multipleRDInsert" />
  <testcase classname="RD_RecurringDonations_TEST2" name="testBTN" />
  <testcase classname="RD_RecurringDonations_TEST2" name="testBatch" />
  <testcase classname="RD_RecurringDonations_TEST2" name="testErrorHandlingAllSysAdmins" />
  <testcase classname="RD_RecurringDonations_TEST2" name="testErrorHandlingPublicGroup" />
  <testcase classname="RD_RecurringDonations_TEST2" name="testErrorHandlingUser" />
  <testcase classname="RD_RecurringDonations_TEST2" name="testInstallmentNumbers" />
  <testcase classname="RD_RecurringDonations_TEST2" name="testOpenEndedMonthlyEndDates" />
  <testcase classname="RD_RecurringDonations_TEST2" name="testOrphanedRd" />
  <testcase classname="RD_RecurringDonations_TEST2" name="testRDCustomFieldMappingFixedRD" />
  <testcase classname="RD_RecurringDonations_TEST2" name="testRDCustomFieldMappingOpenRD" />
  <testcase classname="RD_RecurringDonations_TEST2" name="tooManyInstallments" />
  <testcase classname="RD_RecurringDonations_TEST2" name="updateOppsFromMultipleRDs" />
  <testcase classname="RD_RecurringDonations_TEST2" name="updateRecurringDonationWithClosedOpp" />
  <testcase classname="REL_Relationships_TEST" name="RelationshipsViewer_TEST" />
  <testcase classname="REL_Relationships_TEST" name="test2Rels1Transaction_v2" />
  <testcase classname="REL_Relationships_TEST" name="testAutoCreateCampaignMemberInsert" />
  <testcase classname="REL_Relationships_TEST" name="testAutoCreateCampaignMemberUpdate" />
  <testcase classname="REL_Relationships_TEST" name="testAutoCreateContactInsert" />
  <testcase classname="REL_Relationships_TEST" name="testAutoCreateContactUpdate" />
  <testcase classname="REL_Relationships_TEST" name="testAutoCreateDupePrevention" />
  <testcase classname="REL_Relationships_TEST" name="testContactRel" />
  <testcase classname="REL_Relationships_TEST" name="testDeletingMutuallyReferentialRelationshipsDoesNotPreventDeleteOfReciprocals" />
  <testcase classname="REL_Relationships_TEST" name="testErrorRecordCreation" />
  <testcase classname="REL_Relationships_TEST" name="testExceptionRecordCreation" />
  <testcase classname="REL_Relationships_TEST" name="testFemaleGenderFieldReciprocal" />
  <testcase classname="REL_Relationships_TEST" name="testFemaleSalutationReciprocal" />
  <testcase classname="REL_Relationships_TEST" name="testFieldSyncExclusion" />
  <testcase classname="REL_Relationships_TEST" name="testGenderChange" />
  <testcase classname="REL_Relationships_TEST" name="testInversionSettingsHaveType" />
  <testcase classname="REL_Relationships_TEST" name="testInversionSettingsNoType" />
  <testcase classname="REL_Relationships_TEST" name="testMaleGenderFieldReciprocal" />
  <testcase classname="REL_Relationships_TEST" name="testMaleSalutationReciprocal" />
  <testcase classname="REL_Relationships_TEST" name="testNeutralGenderFieldReciprocal" />
  <testcase classname="REL_Relationships_TEST" name="testNeutralSalutationReciprocal" />
  <testcase classname="REL_Relationships_TEST" name="testNoGenderManualRel" />
  <testcase classname="REL_Relationships_TEST" name="testNoGenderManualRelStatusChange" />
  <testcase classname="REL_Relationships_TEST" name="testNoValidSettingsConfig" />
  <testcase classname="REL_Relationships_TEST" name="testOrphanedRelDelete">
    <failure type="Class.REL_Relationships_TEST.testOrphanedRelDelete: line 187, column 1">System.DmlException: Delete failed. First exception on row 0 with id 0030F00000041zKQAQ; first error: CANNOT_INSERT_UPDATE_ACTIVATE_ENTITY, TDTM_Contact: execution of AfterDelete

caused by: System.DmlException: Delete failed. First exception on row 0 with id a0G0F0000000PbOUAU; first error: ENTITY_IS_DELETED, entity is deleted: []

Class.TDTM_TriggerHandler.processDMLAllOrNothing: line 232, column 1
Class.TDTM_TriggerHandler.processDML: line 211, column 1
Class.TDTM_TriggerHandler.run: line 130, column 1
Trigger.TDTM_Contact: line 34, column 1: []</failure>
  </testcase>
  <testcase classname="REL_Relationships_TEST" name="testRelationshipDelete" />
  <testcase classname="REL_Relationships_TEST" name="testRelationshipUTILS" />
  <testcase classname="RLLP_OppPartialSoftCreditRollup_TEST" name="testDuplicateOCRSoftCredits" />
  <testcase classname="RLLP_OppPartialSoftCreditRollup_TEST" name="testMulticurrencyPartialSoftCreditRollups" />
  <testcase classname="RLLP_OppPartialSoftCreditRollup_TEST" name="testPartialSoftCreditRollups" />
  <testcase classname="RLLP_OppPartialSoftCreditRollup_TEST" name="testPartialSoftCreditRollupsAllStats" />
  <testcase classname="RLLP_OppRollupBATCH_TEST" name="testOppAcctRollupBatch" />
  <testcase classname="RLLP_OppRollupBATCH_TEST" name="testOppContactRollupBatch" />
  <testcase classname="RLLP_OppRollupBATCH_TEST" name="testOppPartialSoftCreditRollupBatch" />
  <testcase classname="RLLP_OppRollupBATCH_TEST" name="testOppSoftCreditRollupBatch" />
  <testcase classname="RLLP_OppRollup_TEST" name="OneContactMultipleOppsHHAccount_1" />
  <testcase classname="RLLP_OppRollup_TEST" name="OneContactMultipleOppsHHAccount_2" />
  <testcase classname="RLLP_OppRollup_TEST" name="OneContactMultipleOppsHHAccount_3" />
  <testcase classname="RLLP_OppRollup_TEST" name="OneContactMultipleOppsHHAccount_4" />
  <testcase classname="RLLP_OppRollup_TEST" name="OneContactMultipleOppsHHAccount_5" />
  <testcase classname="RLLP_OppRollup_TEST" name="OneContactMultipleOppsHHAccount_6" />
  <testcase classname="RLLP_OppRollup_TEST" name="OneContactMultipleOppsOne2One_1" />
  <testcase classname="RLLP_OppRollup_TEST" name="OneContactMultipleOppsOne2One_2" />
  <testcase classname="RLLP_OppRollup_TEST" name="OneContactMultipleOppsOne2One_3" />
  <testcase classname="RLLP_OppRollup_TEST" name="OneContactMultipleOppsOne2One_4" />
  <testcase classname="RLLP_OppRollup_TEST" name="OneContactMultipleOppsOne2One_5" />
  <testcase classname="RLLP_OppRollup_TEST" name="OneContactMultipleOppsOne2One_6" />
  <testcase classname="RLLP_OppRollup_TEST" name="OneContactOneInkindHHAccount" />
  <testcase classname="RLLP_OppRollup_TEST" name="OneContactOneInkindOne2One" />
  <testcase classname="RLLP_OppRollup_TEST" name="testGivingRollupAcctHHAccount" />
  <testcase classname="RLLP_OppRollup_TEST" name="testGivingRollupAcctMembershipHHAccount" />
  <testcase classname="RLLP_OppRollup_TEST" name="testGivingRollupAcctMembershipOne2One" />
  <testcase classname="RLLP_OppRollup_TEST" name="testGivingRollupAcctOne2One" />
  <testcase classname="RLLP_OppRollup_TEST" name="testGivingRollupAlwaysPrimaryHHAccount" />
  <testcase classname="RLLP_OppRollup_TEST" name="testGivingRollupAlwaysPrimaryOne2One" />
  <testcase classname="RLLP_OppRollup_TEST" name="testGivingRollupBatchHHAccount" />
  <testcase classname="RLLP_OppRollup_TEST" name="testGivingRollupBatchOne2One" />
  <testcase classname="RLLP_OppRollup_TEST" name="testGivingRollupBulkHHAccount" />
  <testcase classname="RLLP_OppRollup_TEST" name="testGivingRollupBulkOne2One" />
  <testcase classname="RLLP_OppRollup_TEST" name="testGivingRollupExcludedRTHHAccount" />
  <testcase classname="RLLP_OppRollup_TEST" name="testGivingRollupExcludedRTOne2One" />
  <testcase classname="RLLP_OppRollup_TEST" name="testGivingRollupHHAccount" />
  <testcase classname="RLLP_OppRollup_TEST" name="testGivingRollupIndividualBucket" />
  <testcase classname="RLLP_OppRollup_TEST" name="testGivingRollupIndividualHHAccount" />
  <testcase classname="RLLP_OppRollup_TEST" name="testGivingRollupOne2One" />
  <testcase classname="RLLP_OppRollup_TEST" name="testMemberRollupHHAccount" />
  <testcase classname="RLLP_OppRollup_TEST" name="testMemberRollupOne2One" />
  <testcase classname="RLLP_OppRollup_TEST2" name="testFYUtility" />
  <testcase classname="RLLP_OppRollup_TEST2" name="testFiscalYearandCustomNDayHHAccount" />
  <testcase classname="RLLP_OppRollup_TEST2" name="testFiscalYearandCustomNDayOne2One" />
  <testcase classname="RLLP_OppRollup_TEST2" name="testFutureMethodsHHAccount" />
  <testcase classname="RLLP_OppRollup_TEST2" name="testFutureMethodsOne2One" />
  <testcase classname="RLLP_OppRollup_TEST2" name="testGetFiscalYearForDate" />
  <testcase classname="RLLP_OppRollup_TEST2" name="testGivingRollupTooManyOppsHHAccount" />
  <testcase classname="RLLP_OppRollup_TEST2" name="testGivingRollupTooManyOppsOne2One" />
  <testcase classname="RLLP_OppRollup_TEST2" name="testHouseholdStatsHHAccount" />
  <testcase classname="RLLP_OppRollup_TEST2" name="testHouseholdStatsOne2One" />
  <testcase classname="RLLP_OppRollup_TEST2" name="testMultiCurrencyMethodsHHAccount" />
  <testcase classname="RLLP_OppRollup_TEST2" name="testMultiCurrencyMethodsOne2One" />
  <testcase classname="RLLP_OppRollup_TEST2" name="testOpportunityUtilityErrorHandlingHHAccount" />
  <testcase classname="RLLP_OppRollup_TEST2" name="testOpportunityUtilityErrorHandlingOne2One" />
  <testcase classname="RLLP_OppRollup_TEST2" name="testOrgSoftCreditsHHAccount" />
  <testcase classname="RLLP_OppRollup_TEST2" name="testOrgSoftCreditsOne2One" />
  <testcase classname="RLLP_OppRollup_TEST2" name="testRollupAllsHHAccount" />
  <testcase classname="RLLP_OppRollup_TEST2" name="testRollupAllsOne2One" />
  <testcase classname="RLLP_OppRollup_TEST2" name="testSoftCreditsHHAccount" />
  <testcase classname="RLLP_OppRollup_TEST2" name="testSoftCreditsOne2One" />
  <testcase classname="RLLP_OppRollup_TEST2" name="testUDRChangeBehaviorHHAccount" />
  <testcase classname="RLLP_OppRollup_TEST2" name="testUDRChangeBehaviorOne2One" />
  <testcase classname="RLLP_OppRollup_TEST2" name="testUserDefinedRollupHHAccount" />
  <testcase classname="RLLP_OppRollup_TEST2" name="testUserDefinedRollupOne2One" />
  <testcase classname="STG_InstallScript_TEST" name="defaultSettingsCreated" />
  <testcase classname="STG_InstallScript_TEST" name="deletedHandlers" />
  <testcase classname="STG_InstallScript_TEST" name="mappingsTest_runScriptCustomConfigOnInstallAllFlags" />
  <testcase classname="STG_InstallScript_TEST" name="mappingsTest_runScriptCustomConfigOnInstallSomeFlags" />
  <testcase classname="STG_InstallScript_TEST" name="mappingsTest_runScriptNoCustomConfigOnInstall" />
  <testcase classname="STG_InstallScript_TEST" name="mappingsTest_runScriptNoCustomSettings" />
  <testcase classname="STG_InstallScript_TEST" name="missingSettingsCreated" />
  <testcase classname="STG_InstallScript_TEST" name="push" />
  <testcase classname="STG_InstallScript_TEST" name="upgrade" />
  <testcase classname="STG_InstallScript_TEST2" name="handlersChanged" />
  <testcase classname="STG_InstallScript_TEST2" name="handlersChanged_UserManaged" />
  <testcase classname="STG_InstallScript_TEST2" name="schedulersChanged" />
  <testcase classname="STG_PanelHealthCheck_TEST" name="verifyLevelFieldsExist" />
  <testcase classname="STG_PanelHealthCheck_TEST" name="verifyLevelSourceFieldNumeric" />
  <testcase classname="STG_PanelHealthCheck_TEST" name="verifyNoMissingOppPaymentsFail" />
  <testcase classname="STG_PanelHealthCheck_TEST" name="verifyNoMissingOppPaymentsSuccess" />
  <testcase classname="STG_PanelHealthCheck_TEST" name="verifyOCRSettingsCheck" />
  <testcase classname="STG_PanelOpps_TEST" name="testGetOpportunityStageSelectOptionsContainsAtLeastEmptySelection" />
  <testcase classname="STG_SettingsManager_TEST" name="TEST_userRollupSettings" />
  <testcase classname="STG_SettingsManager_TEST" name="testDataBoundMultiSelect" />
  <testcase classname="STG_SettingsManager_TEST" name="testNameSpecs" />
  <testcase classname="STG_SettingsManager_TEST" name="testPanel" />
  <testcase classname="STG_SettingsManager_TEST" name="testPanelAffl" />
  <testcase classname="STG_SettingsManager_TEST" name="testPanelAllo" />
  <testcase classname="STG_SettingsManager_TEST" name="testPanelBDE" />
  <testcase classname="STG_SettingsManager_TEST" name="testPanelContactRoles" />
  <testcase classname="STG_SettingsManager_TEST" name="testPanelContacts" />
  <testcase classname="STG_SettingsManager_TEST" name="testPanelErrorLog" />
  <testcase classname="STG_SettingsManager_TEST" name="testPanelHealthCheck" />
  <testcase classname="STG_SettingsManager_TEST" name="testPanelHouseholds" />
  <testcase classname="STG_SettingsManager_TEST" name="testPanelLeads" />
  <testcase classname="STG_SettingsManager_TEST" name="testPanelLvlAssignBatch" />
  <testcase classname="STG_SettingsManager_TEST" name="testPanelMembership" />
  <testcase classname="STG_SettingsManager_TEST" name="testPanelOppBatch" />
  <testcase classname="STG_SettingsManager_TEST" name="testPanelOppNaming" />
  <testcase classname="STG_SettingsManager_TEST" name="testPanelOppRollups" />
  <testcase classname="STG_SettingsManager_TEST" name="testPanelOpps" />
  <testcase classname="STG_SettingsManager_TEST" name="testPanelPaymentMapping" />
  <testcase classname="STG_SettingsManager_TEST" name="testPanelRD" />
  <testcase classname="STG_SettingsManager_TEST" name="testPanelRDBatch" />
  <testcase classname="STG_SettingsManager_TEST" name="testPanelRDCustomFieldMapping" />
  <testcase classname="STG_SettingsManager_TEST" name="testPanelRDCustomInstallment" />
  <testcase classname="STG_SettingsManager_TEST" name="testPanelRel" />
  <testcase classname="STG_SettingsManager_TEST" name="testPanelRelAuto" />
  <testcase classname="STG_SettingsManager_TEST" name="testPanelRelReciprocal" />
  <testcase classname="STG_SettingsManager_TEST" name="testPanelSchedule" />
  <testcase classname="STG_SettingsManager_TEST" name="testPanelTDTM" />
  <testcase classname="STG_SettingsManager_TEST" name="testPanelUserRollup" />
  <testcase classname="STG_SettingsManager_TEST" name="testSetTriggerSchedConfig" />
  <testcase classname="STG_SettingsManager_TEST" name="testSettingsManager" />
  <testcase classname="STG_SettingsManager_TEST" name="testSettingsService" />
  <testcase classname="STG_UninstallScript_TEST" name="rununinstall" />
  <testcase classname="TDTM_Runnable_TEST" name="nochunking" />
  <testcase classname="TDTM_Runnable_TEST" name="testAsync" />
  <testcase classname="TDTM_TriggerScaffolds_TEST" name="tdtmCampaign" />
  <testcase classname="TDTM_TriggerScaffolds_TEST" name="tdtmLead" />
  <testcase classname="UTIL_Currency_TEST" name="testGetCurrencyIsoCodeQueryBuildsCorrectQuery" />
  <testcase classname="UTIL_Currency_TEST" name="testGetCurrencySymbolQueriesForCodeIfMultiCurrency" />
  <testcase classname="UTIL_Currency_TEST" name="testGetCurrencySymbolReturnsDefaultCurrencySymbolIfSingleCurrency" />
  <testcase classname="UTIL_Currency_TEST" name="testGetDefaultCurrencySymbolReturnsIsoCodeIfUnknownSymbol" />
  <testcase classname="UTIL_Currency_TEST" name="testGetDefaultCurrencySymbolReturnsKnownSymbol" />
  <testcase classname="UTIL_Currency_TEST" name="testGetDefaultCurrencyWrapsUserInfoMethod" />
  <testcase classname="UTIL_Currency_TEST" name="testIsMultiCurrencyOrganizationWrapsUserInfoMethod" />
  <testcase classname="UTIL_Currency_TEST" name="testSingletonReturnsExistingInstance" />
  <testcase classname="UTIL_Currency_TEST" name="testSingletonReturnsNewInstanceIfNoExisting" />
  <testcase classname="UTIL_Describe_TEST" name="testDescribe" />
  <testcase classname="UTIL_JobProgress_CTRL_TEST" name="checkNullBatchJobProgressBehavior" />
  <testcase classname="UTIL_JobProgress_CTRL_TEST" name="jobProgressController" />
  <testcase classname="UTIL_Namespace_TEST" name="TestNamespacePrefixFixups" />
  <testcase classname="UTIL_Namespace_TEST" name="keepUnusedPackagedLabelsInPackage" />
  <testcase classname="UTIL_Namespace_TEST" name="testSandboxEmailToRealEmail" />
  <testcase classname="UTIL_RecordTypeSettingsUpdate_TEST" name="testBlankSettingsRemainBlank" />
  <testcase classname="UTIL_RecordTypeSettingsUpdate_TEST" name="testEmptyValuesAreDiscarded" />
  <testcase classname="UTIL_RecordTypeSettingsUpdate_TEST" name="testIdsRemainIds" />
  <testcase classname="UTIL_RecordTypeSettingsUpdate_TEST" name="testKitchenSink" />
  <testcase classname="UTIL_RecordTypeSettingsUpdate_TEST" name="testKnownRecordTypeNamesAreConverted" />
  <testcase classname="UTIL_RecordTypeSettingsUpdate_TEST" name="testNullSettingsRemainNull" />
  <testcase classname="UTIL_RecordTypeSettingsUpdate_TEST" name="testUnknownRecordTypeNamesAreDiscarded" />
  <testcase classname="UTIL_RecordTypeSettingsUpdate_TEST" name="testUpdateDoesNotRunOnUpgradeFrom379" />
  <testcase classname="UTIL_RecordTypeSettingsUpdate_TEST" name="testUpdateDoesNotRunOnUpgradeFrom399" />
  <testcase classname="UTIL_RecordTypeSettingsUpdate_TEST" name="testUpdateRunsOnNewInstall" />
  <testcase classname="UTIL_RecordTypeSettingsUpdate_TEST" name="testUpdateRunsOnUpgradeFrom354" />
  <testcase classname="UTIL_RecordTypeSettingsUpdate_TEST" name="testUpdateRunsOnUpgradeFrom377" />
  <testcase classname="UTIL_RecordTypeSettingsUpdate_TEST" name="testUpdateSettings" />
  <testcase classname="UTIL_RecordTypes_TEST" name="TestRecordTypes" />
  <testcase classname="UTIL_RecordTypes_TEST" name="testRecTypes" />
  <testcase classname="UTIL_Typeahead_TEST" name="testQuery" />
  <testcase classname="UTIL_UnitTestData_TEST" name="testCreateNewInactiveUserForTests" />
  <testcase classname="UTIL_UnitTestData_TEST" name="testCreateNewUserWithDefaultRole" />
  <testcase classname="UTIL_UnitTestData_TEST" name="testCreateNewUserWithRandomRole" />
</testsuite>